stm32f407xx_I2c.c:19:13:I2C_GenerateStartCondition	16	static
stm32f407xx_I2c.c:24:13:I2C_ExecuteAddressPhaseSend	16	static
stm32f407xx_I2c.c:30:13:I2C_ClearADDRFlag	24	static
stm32f407xx_I2c.c:58:6:I2C_GenerateStopCondition	16	static
stm32f407xx_I2c.c:63:13:I2C_ExecuteAddressPhaseReceive	16	static
stm32f407xx_I2c.c:70:6:I2C_PerClockControl	16	static
stm32f407xx_I2c.c:108:6:I2C_Inti	24	static
stm32f407xx_I2c.c:160:6:I2C_DeInti	16	static
stm32f407xx_I2c.c:165:6:I2C_MasterSendData	24	static
stm32f407xx_I2c.c:201:6:I2C_MasterReceiveData	32	static
stm32f407xx_I2c.c:253:9:I2C_MasterSendDataIT	32	static
stm32f407xx_I2c.c:281:9:I2C_MasterReceiveDataIT	32	static
stm32f407xx_I2c.c:311:13:I2C_MasterHandleTXEInterrupt	16	static
stm32f407xx_I2c.c:323:13:I2C_MasterHandleRXNEInterrupt	16	static
stm32f407xx_I2c.c:350:6:I2C_CloseReceiveData	16	static
stm32f407xx_I2c.c:364:6:I2C_CloseSendData	16	static
stm32f407xx_I2c.c:374:6:I2C_SlaveSendData	16	static
stm32f407xx_I2c.c:378:9:I2C_SlaveReceiveData	16	static
stm32f407xx_I2c.c:383:6:I2C_EV_IRQHandling	32	static
stm32f407xx_I2c.c:473:6:I2C_ER_IRQHandling	24	static
stm32f407xx_I2c.c:549:9:I2C_GetFlagStatus	16	static
stm32f407xx_I2c.c:561:6:I2C_IRQInterruptConfig	16	static
stm32f407xx_I2c.c:594:6:I2C_IRQPriorityConfig	24	static
stm32f407xx_I2c.c:603:6:I2C_PeripheralControl	16	static
stm32f407xx_I2c.c:614:28:I2C_ApllicationEventCallback	16	static
stm32f407xx_I2c.c:619:6:I2C_MangeAck	16	static
stm32f407xx_I2c.c:629:6:I2C_SlaveEnableDisableCallbackEvents	16	static
